[montir.id/index.html]
[montir.id/en.html]
[backblue.gif]
[fade.gif]
[index.html]
[montir.id/icons/apple-icon-57x57.png]
[montir.id/icons/apple-icon-60x60.png]
[montir.id/icons/apple-icon-72x72.png]
[montir.id/icons/apple-icon-76x76.png]
[montir.id/icons/apple-icon-114x114.png]
[montir.id/icons/apple-icon-120x120.png]
[montir.id/icons/apple-icon-144x144.png]
[montir.id/icons/apple-icon-152x152.png]
[montir.id/icons/apple-icon-180x180.png]
[montir.id/icons/android-icon-192x192.png]
[montir.id/icons/favicon-32x32.png]
[montir.id/icons/favicon-96x96.png]
[montir.id/icons/favicon.ico]
[montir.id/icons/manifest.json]
[montir.id/icons/ms-icon-144x144.png]
[unpkg.com/react@16/umd/react.production.min.11.delayed]
[unpkg.com/react@16.14.0/umd/react.production.min.js]
[unpkg.com/react-dom@16/umd/react-dom.production.min.js]
[unpkg.com/react-dom@16.14.0/umd/react-dom.production.min.js]
[montir.id/css/bootstrap.min.css]
[montir.id/css/jquery.lightbox2.css]
[montir.id/font-awesome/css/font-awesome.min.css]
[montir.id/entypo/css/entypo.css]
[montir.id/scripts/lib-bundle.mincf29.js]
[montir.id/scripts/lib-defer.min2d52.js]
[montir.id/css/montir.mineb4a.css]
[use.typekit.net/jua6clf.js]
[connect.facebook.net/id_ID/sdk.js]
[montir.id/img/app-logo.png]
[montir.id/cara-kerja.html]
[montir.id/layanan.html]
[montir.id/garansi-servis.html]
[montir.id/masuk.html]
[montir.id/daftar.html]
[montir.id/pesan/konsultasi.html]
[montir.id/img/cover-home.jpg]
[montir.id/img/google-play.png]
[montir.id/pesan9322.html]
[montir.id/img/icon-konsult.png]
[montir.id/pesan1fcf.html]
[montir.id/img/icon-others.png]
[montir.id/pesan2e8e.html]
[montir.id/img/icon-sr.png]
[montir.id/pesan40e8.html]
[montir.id/img/icon-ganti-s.png]
[montir.id/pesanb5a0.html]
[montir.id/img/icon-wash.png]
[montir.id/pesana892.html]
[montir.id/img/icon-emergency.png]
[montir.id/pesanac7d.html]
[montir.id/img/icon-promo.png]
[montir.id/img/icon-easy.png]
[montir.id/img/icon-pricing.png]
[montir.id/img/icon-guaranteed.png]
[montir.id/img/app-desktop.png]
[montir.id/img/app-screenshot.png]
[montir.id/img/cover-hotline.jpg]
[montir.id/syarat-dan-ketentuan.html]
[montir.id/kebijakan-privasi.html]
[montir.id/img/comodo_secure_seal_100x85_transp.png]
[montir.id/img/app-screenshot-small.png]
[montir.id/img/logo-app.png]
[montir.id/img/google-play-footer.png]
[montir.id/tentang-kami.html]
[montir.id/lowongan.html]
[montir.id/index.html]
[montir.id/react/landing.bundle41ba.js]
[connect.facebook.net/en_US/sdk.js]
[montir.id/en/how-it-works.html]
[montir.id/en/services.html]
[montir.id/en/service-warranty.html]
[montir.id/en/login.html]
[montir.id/en/register.html]
[montir.id/en/book/consultation.html]
[montir.id/en/terms-and-conditions.html]
[montir.id/en/privacy-policy.html]
[montir.id/en/about-us.html]
[montir.id/en.html]
[montir.id/en/careers.html]
[www.googletagmanager.com/gtm5445.html]
[montir.id/lib/bootstrap/fonts/glyphicons-halflings-regulard41d.eot]
[montir.id/lib/bootstrap/fonts/glyphicons-halflings-regular.woff2]
[montir.id/lib/bootstrap/fonts/glyphicons-halflings-regular.woff]
[montir.id/lib/bootstrap/fonts/glyphicons-halflings-regular.ttf]
[montir.id/css/bootstrap.min.css]
[montir.id/img/icon-lightbox-loading.gif]
[montir.id/img/icon-lightbox-prev.png]
[montir.id/img/icon-lightbox-next.png]
[montir.id/css/jquery.lightbox2.css]
[montir.id/font-awesome/fonts/fontawesome-webfont3e6e.eot]
[montir.id/font-awesome/fonts/fontawesome-webfontd41d.eot]
[montir.id/font-awesome/fonts/fontawesome-webfont3e6e.woff2]
[montir.id/font-awesome/fonts/fontawesome-webfont3e6e.woff]
[montir.id/font-awesome/fonts/fontawesome-webfont3e6e.ttf]
[montir.id/font-awesome/css/font-awesome.min.css]
[montir.id/img/cover-hiw.jpg]
[montir.id/img/cover-profile.jpg]
[montir.id/img/bg-montir-profile.png]
[montir.id/img/cover-services.jpg]
[montir.id/img/cover-signup.jpg]
[montir.id/img/cover-login.jpg]
[montir.id/img/cover-pricing.jpg]
[montir.id/img/cover-service-detail.jpg]
[montir.id/img/cover-advice.jpg]
[montir.id/img/icon-map.png]
[montir.id/images/ondemand.jpg]
[montir.id/img/cover-inspection-landing.jpg]
[montir.id/img/cover-service-ac-landing.jpg]
[montircdn.azureedge.net/img/cover-home.jpg]
[montir.id/img/cover-side-mirror-landing.jpg]
[montir.id/img/cover-mirror.jpg]
[montir.id/img/cover-tyre-replacement.jpg]
[montir.id/img/cover-tire-replacement.jpg]
[montir.id/css/montir.mineb4a.css]
[montir.id/entypo/font/entypo8421.eot]
[montir.id/entypo/font/entypo8421.woff]
[montir.id/entypo/font/entypo8421.ttf]
[montir.id/entypo/css/entypo.css]
[connect.facebook.net/id_ID/sdk.js]
[montir.id/cara-kerja/mobil-bermasalah-kami-siap-membantu.html]
[montir.id/cara-kerja/mekanik-kami-datang-kepada-anda.html]
[montir.id/cara-kerja/bayar-hanya-setelah-servis-selesai.html]
[montir.id/cara-kerja/servis-kami-bergaransi.html]
[montir.id/img/icon-car-hiw.png]
[montir.id/img/icon-pricing-hiw.png]
[montir.id/cara-kerja.html]
[montir.id/layanan/inspeksi-masalah-ac-mobil.html]
[montir.id/layanan/ganti-kompresor-ac-mobil.html]
[montir.id/layanan/servis-maintenance-ac-mobil.html]
[montir.id/layanan/isi-freon-ac-mobil.html]
[montir.id/layanan/ganti-aki-mobil.html]
[montir.id/layanan/ganti-kabel-ak.html]
[montir.id/layanan/kaca-film-3m-black-beauty.html]
[montir.id/layanan/kaca-film-3m-crystalline.html]
[montir.id/layanan/ganti-oli-mesin-mobil.html]
[montir.id/layanan/kuras-radiator.html]
[montir.id/layanan/ganti-minyak-kopling.html]
[montir.id/layanan/kuras-minyak-rem.html]
[montir.id/layanan/ganti-oli-transmisi.html]
[montir.id/layanan/ganti-oli-gardan-atau-oli-diferensial.html]
[montir.id/layanan/ganti-oli-power-steering.html]
[montir.id/layanan/towing-mobil-derek-mobil.html]
[montir.id/layanan/ganti-ban-serep-mobil.html]
[montir.id/layanan/tambal-ban.html]
[montir.id/layanan/inspeksi-150-poin.html]
[montir.id/layanan/diagnosa-masalah.html]
[montir.id/layanan/ganti-filter-udara-air-filter.html]
[montir.id/layanan/ganti-filter-kabin-filter-ac.html]
[montir.id/layanan/ganti-busi.html]
[montir.id/layanan/ganti-v-belt-tensioner-atau-fan-belt-tensioner.html]
[montir.id/layanan/ganti-tutup-dan-rotor-distributor.html]
[montir.id/layanan/ganti-relay-ecu.html]
[montir.id/layanan/ganti-egr-cooler.html]
[montir.id/layanan/ganti-engine-mounting.html]
[montir.id/layanan/ganti-katup-egr.html]
[montir.id/layanan/ganti-fan-clutch.html]
[montir.id/layanan/ganti-fuse-atau-sekering.html]
[montir.id/layanan/ganti-saluran-bypass.html]
[montir.id/layanan/ganti-selang-heater.html]
[montir.id/layanan/ganti-klakson.html]
[montir.id/layanan/ganti-idler-pulley.html]
[montir.id/layanan/ganti-gasket-intake-manifold.html]
[montir.id/layanan/ganti-sensor-map-atau-manifold-pressure-sensor.html]
[montir.id/layanan/ganti-selang-oil-cooler.html]
[montir.id/layanan/ganti-pipa-oil-cooler.html]
[montir.id/layanan/ganti-oil-cooler.html]
[montir.id/layanan/ganti-seal-rumah-filter-oli-atau-seal-housing-filter-oli.html]
[montir.id/layanan/ganti-sensor-oil-pressure.html]
[montir.id/layanan/ganti-selang-pcv-valve.html]
[montir.id/layanan/ganti-pcv-valve-atau-katup-pcv.html]
[montir.id/layanan/ganti-tutup-radiator.html]
[montir.id/layanan/ganti-baut-drain-radiator.html]
[montir.id/layanan/ganti-radiator-mobil.html]
[montir.id/layanan/ganti-fan-belt-atau-drive-belt.html]
[montir.id/layanan/servis-atau-ganti-dinamo-starter-mobil.html]
[montir.id/layanan/ganti-selang-tabung-reservoir-radiator.html]
[montir.id/layanan/ganti-thermo-switch-fan-radiator.html]
[montir.id/layanan/ganti-thermostat.html]
[montir.id/layanan/ganti-throttle-body.html]
[montir.id/layanan/ganti-cover-timing-belt-atau-cover-timing-chain.html]
[montir.id/layanan/ganti-gasket-cover-valve.html]
[montir.id/layanan/ganti-pulley-water-pump.html]
[montir.id/layanan/ganti-water-pump.html]
[montir.id/layanan/ganti-tabung-air-wiper.html]
[montir.id/layanan/ganti-kabel-gas-mobil.html]
[montir.id/layanan/ganti-alternator-mobil.html]
[montir.id/layanan/ganti-automatic-shutdown-relay.html]
[montir.id/layanan/ganti-cold-start-injector.html]
[montir.id/layanan/ganti-tabung-air-radiator-atau-coolant.html]
[montir.id/layanan/ganti-coolant-temperature-sensor.html]
[montir.id/layanan/ganti-selang-radiator.html]
[montir.id/layanan/ganti-relay-fan-radiator.html]
[montir.id/layanan/ganti-motor-fan-radiator.html]
[montir.id/layanan/ganti-cylinder-head-temperature-sensor.html]
[montir.id/layanan/poles-mobil-full.html]
[montir.id/layanan/poles-eksterior-mobil.html]
[montir.id/layanan/poles-mobil-interior.html]
[montir.id/layanan/nano-ceramic-coating.html]
[montir.id/layanan/ganti-kampas-rem.html]
[montir.id/layanan/ganti-disc-brake-atau-piringan-rem.html]
[montir.id/layanan/ganti-sepatu-rem-atau-brake-shoes.html]
[montir.id/layanan/ganti-tromol-rem.html]
[montir.id/layanan/ganti-silinder-master-rem.html]
[montir.id/layanan/ganti-kaliper-rem.html]
[montir.id/layanan/ganti-abs-speed-sensor.html]
[montir.id/layanan/ganti-selang-rem-atau-pipa-rem.html]
[montir.id/layanan/ganti-silinder-roda-atau-wheel-cylinder.html]
[montir.id/layanan/ganti-kabel-rem-parkir-atau-kabel-rem-tangan.html]
[montir.id/layanan/ganti-drum-rem-tangan-atau-parking-brake-drum.html]
[montir.id/layanan/ganti-proportioning-valve-atau-combination-valve.html]
[montir.id/layanan/ganti-check-valve-booster-rem.html]
[montir.id/layanan/ganti-brake-vacuum-pump.html]
[montir.id/layanan/ganti-filter-bensin-atau-fuel-filter.html]
[montir.id/layanan/ganti-filter-solar.html]
[montir.id/layanan/ganti-selang-bensin-atau-fuel-hose.html]
[montir.id/layanan/ganti-oring-injector.html]
[montir.id/layanan/ganti-injector-mobil.html]
[montir.id/layanan/ganti-fuel-pressure-regulator.html]
[montir.id/layanan/ganti-relay-fuel-pump-atau-relay-pompa-bensin.html]
[montir.id/layanan/ganti-tutup-tangki-bensin.html]
[montir.id/layanan/ganti-sensor-oksigen.html]
[montir.id/layanan/ganti-wiper-mobil.html]
[montir.id/layanan/ganti-drive-shaft-atau-axle-shaft.html]
[montir.id/layanan/ganti-seal-drive-shaft.html]
[montir.id/layanan/ganti-boot-cv-joint.html]
[montir.id/layanan/ganti-center-support-bearing.html]
[montir.id/layanan/ganti-kabel-kopling.html]
[montir.id/layanan/ganti-master-kopling-atas.html]
[montir.id/layanan/ganti-master-kopling-bawah.html]
[montir.id/layanan/ganti-switch-kopling.html]
[montir.id/layanan/ganti-gasket-gardan.html]
[montir.id/layanan/ganti-seal-gardan.html]
[montir.id/layanan/ganti-selang-kopling.html]
[montir.id/layanan/ganti-kickdown-cable.html]
[montir.id/layanan/ganti-gear-shift-indicator.html]
[montir.id/layanan/ganti-kabel-shifter.html]
[montir.id/layanan/ganti-solenoid-perpindahan-transmisi.html]
[montir.id/layanan/ganti-speed-sensor.html]
[montir.id/layanan/ganti-speedometer-mobil.html]
[montir.id/layanan/ganti-oli-transfer-case.html]
[montir.id/layanan/ganti-seal-transfer-case.html]
[montir.id/layanan/ganti-transmission-oil-pressure-switch.html]
[montir.id/layanan/ganti-transmission-position-sensor.html]
[montir.id/layanan/ganti-transmission-speed-sensor.html]
[montir.id/layanan/tune-up-standard.html]
[montir.id/layanan/tune-up-complete.html]
[montir.id/layanan.html]
[montircdn.azureedge.net/static/images/fb/7e38a30989f0/cover-services.jpg]
[montircdn.azureedge.net/static/images/l/7e38a30989f0/cover-services.jpg]
[montir.id/garansi-servis.html]
[montir.id/img/icon-email.png]
[montir.id/img/icon-password.png]
[montir.id/akun/lupa.html]
[montir.id/masuk.html]
[montir.id/img/icon-history.png]
[montir.id/img/icon-faq.png]
[montir.id/img/icon-reminder.png]
[montir.id/img/icon-name.png]
[montir.id/daftar.html]
[montir.id/en/book.html]
[montir.id/cara-kerja6aad.html]
[montir.id/pesan.html]
[montir.id/layanan6aad.html]
[montir.id/garansi-servis6aad.html]
[montir.id/index6aad.html]
[montir.id/tentang-kami6aad.html]
[montir.id/lowongan6aad.html]
[montir.id/pesan/konsultasi.html]
[montir.id/pesan9322.html]
[montir.id/pesan1fcf.html]
[montir.id/pesan2e8e.html]
[montir.id/pesan40e8.html]
[montir.id/pesanb5a0.html]
[montir.id/pesana892.html]
[montir.id/pesanac7d.html]
[montir.id/img/icon-rating.svg]
[montir.id/react/order.bundle43c9.js]
[montircdn.azureedge.net/static/images/fb/7e3d805c45f0/cover-pricing.jpg]
[montircdn.azureedge.net/static/images/l/7e3d805c45f0/cover-pricing.jpg]
[montir.id/syarat-dan-ketentuan.html]
[montir.id/garansi-terbatas.html]
[montir.id/kebijakan-privasi.html]
[montir.id/tentang-kami.html]
[montir.id/lowongan.html]
[connect.facebook.net/en_US/sdk.js]
[montir.id/en/how-it-works/mobil-bermasalah-kami-siap-membantu.html]
[montir.id/en/how-it-works/mekanik-kami-datang-kepada-anda.html]
[montir.id/en/how-it-works/servis-kami-bergaransi.html]
[montir.id/en/how-it-works/bayar-hanya-setelah-servis-selesai.html]
[montir.id/en/how-it-works.html]
[montir.id/en/services/inspeksi-masalah-ac-mobil.html]
[montir.id/en/services/servis-maintenance-ac-mobil.html]
[montir.id/en/services/ganti-kompresor-ac-mobil.html]
[montir.id/en/services/isi-freon-ac-mobil.html]
[montir.id/en/services/ganti-aki-mobil.html]
[montir.id/en/services/ganti-kabel-ak.html]
[montir.id/en/services/kaca-film-3m-black-beauty.html]
[montir.id/en/services/kaca-film-3m-crystalline.html]
[montir.id/en/services/ganti-oli-mesin-mobil.html]
[montir.id/en/services/kuras-radiator.html]
[montir.id/en/services/ganti-minyak-kopling.html]
[montir.id/en/services/kuras-minyak-rem.html]
[montir.id/en/services/ganti-oli-transmisi.html]
[montir.id/en/services/ganti-oli-gardan-atau-oli-diferensial.html]
[montir.id/en/services/ganti-oli-power-steering.html]
[montir.id/en/services/towing-mobil-derek-mobil.html]
[montir.id/en/services/ganti-ban-serep-mobil.html]
[montir.id/en/services/tambal-ban.html]
[montir.id/en/services/inspeksi-150-poin.html]
[montir.id/en/services/diagnosa-masalah.html]
[montir.id/en/services/ganti-filter-udara-air-filter.html]
[montir.id/en/services/ganti-filter-kabin-filter-ac.html]
[montir.id/en/services/ganti-busi.html]
[montir.id/en/services/ganti-v-belt-tensioner-atau-fan-belt-tensioner.html]
[montir.id/en/services/ganti-tutup-dan-rotor-distributor.html]
[montir.id/en/services/ganti-relay-ecu.html]
[montir.id/en/services/ganti-egr-cooler.html]
[montir.id/en/services/ganti-engine-mounting.html]
[montir.id/en/services/ganti-katup-egr.html]
[montir.id/en/services/ganti-fan-clutch.html]
[montir.id/en/services/ganti-fuse-atau-sekering.html]
[montir.id/en/services/ganti-saluran-bypass.html]
[montir.id/en/services/ganti-selang-heater.html]
[montir.id/en/services/ganti-idler-pulley.html]
[montir.id/en/services/ganti-klakson.html]
[montir.id/en/services/ganti-gasket-intake-manifold.html]
[montir.id/en/services/ganti-sensor-map-atau-manifold-pressure-sensor.html]
[montir.id/en/services/ganti-selang-oil-cooler.html]
[montir.id/en/services/ganti-pipa-oil-cooler.html]
[montir.id/en/services/ganti-oil-cooler.html]
[montir.id/en/services/ganti-seal-rumah-filter-oli-atau-seal-housing-filter-oli.html]
[montir.id/en/services/ganti-sensor-oil-pressure.html]
[montir.id/en/services/ganti-selang-pcv-valve.html]
[montir.id/en/services/ganti-pcv-valve-atau-katup-pcv.html]
[montir.id/en/services/ganti-tutup-radiator.html]
[montir.id/en/services/ganti-baut-drain-radiator.html]
[montir.id/en/services/ganti-radiator-mobil.html]
[montir.id/en/services/ganti-fan-belt-atau-drive-belt.html]
[montir.id/en/services/servis-atau-ganti-dinamo-starter-mobil.html]
[montir.id/en/services/ganti-selang-tabung-reservoir-radiator.html]
[montir.id/en/services/ganti-thermo-switch-fan-radiator.html]
[montir.id/en/services/ganti-thermostat.html]
[montir.id/en/services/ganti-throttle-body.html]
[montir.id/en/services/ganti-cover-timing-belt-atau-cover-timing-chain.html]
[montir.id/en/services/ganti-gasket-cover-valve.html]
[montir.id/en/services/ganti-pulley-water-pump.html]
[montir.id/en/services/ganti-water-pump.html]
[montir.id/en/services/ganti-tabung-air-wiper.html]
[montir.id/en/services/ganti-kabel-gas-mobil.html]
[montir.id/en/services/ganti-alternator-mobil.html]
[montir.id/en/services/ganti-automatic-shutdown-relay.html]
[montir.id/en/services/ganti-cold-start-injector.html]
[montir.id/en/services/ganti-tabung-air-radiator-atau-coolant.html]
[montir.id/en/services/ganti-coolant-temperature-sensor.html]
[montir.id/en/services/ganti-selang-radiator.html]
[montir.id/en/services/ganti-relay-fan-radiator.html]
[montir.id/en/services/ganti-motor-fan-radiator.html]
[montir.id/en/services/ganti-cylinder-head-temperature-sensor.html]
[montir.id/en/services/poles-mobil-full.html]
[montir.id/en/services/poles-eksterior-mobil.html]
[montir.id/en/services/poles-mobil-interior.html]
[montir.id/en/services/nano-ceramic-coating.html]
[montir.id/en/services/ganti-kampas-rem.html]
[montir.id/en/services/ganti-disc-brake-atau-piringan-rem.html]
[montir.id/en/services/ganti-sepatu-rem-atau-brake-shoes.html]
[montir.id/en/services/ganti-tromol-rem.html]
[montir.id/en/services/ganti-silinder-master-rem.html]
[montir.id/en/services/ganti-kaliper-rem.html]
[montir.id/en/services/ganti-abs-speed-sensor.html]
[montir.id/en/services/ganti-selang-rem-atau-pipa-rem.html]
[montir.id/en/services/ganti-silinder-roda-atau-wheel-cylinder.html]
[montir.id/en/services/ganti-kabel-rem-parkir-atau-kabel-rem-tangan.html]
[montir.id/en/services/ganti-drum-rem-tangan-atau-parking-brake-drum.html]
[montir.id/en/services/ganti-proportioning-valve-atau-combination-valve.html]
[montir.id/en/services/ganti-check-valve-booster-rem.html]
[montir.id/en/services/ganti-brake-vacuum-pump.html]
[montir.id/en/services/ganti-filter-bensin-atau-fuel-filter.html]
[montir.id/en/services/ganti-filter-solar.html]
[montir.id/en/services/ganti-selang-bensin-atau-fuel-hose.html]
[montir.id/en/services/ganti-oring-injector.html]
[montir.id/en/services/ganti-injector-mobil.html]
[montir.id/en/services/ganti-fuel-pressure-regulator.html]
[montir.id/en/services/ganti-relay-fuel-pump-atau-relay-pompa-bensin.html]
[montir.id/en/services/ganti-tutup-tangki-bensin.html]
[montir.id/en/services/ganti-sensor-oksigen.html]
[montir.id/en/services/ganti-wiper-mobil.html]
[montir.id/en/services/ganti-drive-shaft-atau-axle-shaft.html]
[montir.id/en/services/ganti-seal-drive-shaft.html]
[montir.id/en/services/ganti-boot-cv-joint.html]
[montir.id/en/services/ganti-center-support-bearing.html]
[montir.id/en/services/ganti-kabel-kopling.html]
[montir.id/en/services/ganti-master-kopling-atas.html]
[montir.id/en/services/ganti-master-kopling-bawah.html]
[montir.id/en/services/ganti-switch-kopling.html]
[montir.id/en/services/ganti-gasket-gardan.html]
[montir.id/en/services/ganti-seal-gardan.html]
[montir.id/en/services/ganti-selang-kopling.html]
[montir.id/en/services/ganti-kickdown-cable.html]
[montir.id/en/services/ganti-gear-shift-indicator.html]
[montir.id/en/services/ganti-kabel-shifter.html]
[montir.id/en/services/ganti-solenoid-perpindahan-transmisi.html]
[montir.id/en/services/ganti-speed-sensor.html]
[montir.id/en/services/ganti-speedometer-mobil.html]
[montir.id/en/services/ganti-oli-transfer-case.html]
[montir.id/en/services/ganti-seal-transfer-case.html]
[montir.id/en/services/ganti-transmission-oil-pressure-switch.html]
[montir.id/en/services/ganti-transmission-position-sensor.html]
[montir.id/en/services/ganti-transmission-speed-sensor.html]
[montir.id/en/services/tune-up-standard.html]
[montir.id/en/services/tune-up-complete.html]
[montir.id/en/services.html]
[montir.id/en/service-warranty.html]
[montir.id/en/accounts/forgot.html]
[montir.id/en/login.html]
[montir.id/en/register.html]
[montir.id/en84ee.html]
[montir.id/en/how-it-works84ee.html]
[montir.id/en/services84ee.html]
[montir.id/en/service-warranty84ee.html]
[montir.id/en/about-us84ee.html]
[montir.id/en/book/consultation.html]
[montir.id/en/careers84ee.html]
[montir.id/en/terms-and-conditions.html]
[montir.id/en/privacy-policy.html]
[montir.id/en/about-us.html]
[montir.id/en/careers.html]
[montir.id/lib/bootstrap/fonts/glyphicons-halflings-regular.svg]
[montir.id/img/icon-close.svg]
[montir.id/font-awesome/fonts/fontawesome-webfont3e6e.svg]
[montir.id/img/nut-disabled.svg]
[montir.id/img/nut-primary.svg]
[montir.id/img/wave.svg]
[montir.id/img/saw.svg]
[montir.id/img/icon-knob.svg]
[montir.id/img/ios-select-arrow.svg]
[montir.id/img/ios-select-arrow-disabled.svg]
[montir.id/img/icon-notes.svg]
[montir.id/img/icon-name.svg]
[montir.id/img/icon-email.svg]
[montir.id/img/icon-telp.svg]
[montir.id/img/icon-checklist.svg]
[montir.id/entypo/font/entypo8421.svg]
[montir.id/cara-kerja/mobil-bermasalah-kami-siap-membantu.html]
[montir.id/cara-kerja/mekanik-kami-datang-kepada-anda.html]
[montir.id/cara-kerja/bayar-hanya-setelah-servis-selesai.html]
[montir.id/cara-kerja/servis-kami-bergaransi.html]
[montir.id/img/icon-search.svg]
[montir.id/tag/layanan.html]
[montir.id/tag/ac-mobil.html]
[montir.id/img/service-image-carwash.png]
[montir.id/img/service-image-handwax.png]
[montir.id/img/service-image-oil.png]
[montir.id/img/service-image-battery.png]
[montir.id/layanan/inspeksi-masalah-ac-mobil.html]
[montir.id/layanan/ganti-kompresor-ac-mobil.html]
[montir.id/layanan/servis-maintenance-ac-mobil.html]
[montir.id/layanan/isi-freon-ac-mobil.html]
[montir.id/tag/aki.html]
[montir.id/layanan/ganti-aki-mobil.html]
[montir.id/layanan/ganti-kabel-ak.html]
[montir.id/tag/aksesoris.html]
[montir.id/layanan/kaca-film-3m-black-beauty.html]
[montir.id/layanan/kaca-film-3m-crystalline.html]
[montir.id/tag/cairan.html]
[montir.id/layanan/ganti-oli-mesin-mobil.html]
[montir.id/layanan/kuras-radiator.html]
[montir.id/layanan/ganti-minyak-kopling.html]
[montir.id/layanan/kuras-minyak-rem.html]
[montir.id/layanan/ganti-oli-transmisi.html]
[montir.id/layanan/ganti-oli-gardan-atau-oli-diferensial.html]
[montir.id/layanan/ganti-oli-power-steering.html]
[montir.id/tag/rem.html]
[montir.id/tag/darurat.html]
[montir.id/layanan/towing-mobil-derek-mobil.html]
[montir.id/layanan/ganti-ban-serep-mobil.html]
[montir.id/layanan/tambal-ban.html]
[montir.id/tag/diagnosa.html]
[montir.id/layanan/inspeksi-150-poin.html]
[montir.id/layanan/diagnosa-masalah.html]
[montir.id/tag/filter.html]
[montir.id/layanan/ganti-filter-udara-air-filter.html]
[montir.id/layanan/ganti-filter-kabin-filter-ac.html]
[montir.blob.core.windows.net/static/images/7e6d99d86cf0/denso-busi-iridium.jpg]
[montir.id/layanan/ganti-busi.html]
[montir.id/tag/mesin.html]
[montir.id/layanan/ganti-v-belt-tensioner-atau-fan-belt-tensioner.html]
[montir.id/tag/pengapian.html]
[montir.id/layanan/ganti-tutup-dan-rotor-distributor.html]
[montir.id/layanan/ganti-relay-ecu.html]
[montir.id/layanan/ganti-egr-cooler.html]
[montir.id/layanan/ganti-engine-mounting.html]
[montir.id/layanan/ganti-katup-egr.html]
[montir.id/layanan/ganti-fan-clutch.html]
[montir.id/layanan/ganti-fuse-atau-sekering.html]
[montir.id/layanan/ganti-saluran-bypass.html]
[montir.id/layanan/ganti-selang-heater.html]
[montir.id/layanan/ganti-klakson.html]
[montir.id/layanan/ganti-idler-pulley.html]
[montir.id/layanan/ganti-gasket-intake-manifold.html]
[montir.id/layanan/ganti-sensor-map-atau-manifold-pressure-sensor.html]
[montir.id/layanan/ganti-selang-oil-cooler.html]
[montir.id/layanan/ganti-pipa-oil-cooler.html]
[montir.id/layanan/ganti-oil-cooler.html]
[montir.id/layanan/ganti-seal-rumah-filter-oli-atau-seal-housing-filter-oli.html]
[montir.id/layanan/ganti-sensor-oil-pressure.html]
[montir.id/layanan/ganti-selang-pcv-valve.html]
[montir.id/layanan/ganti-pcv-valve-atau-katup-pcv.html]
[montir.id/layanan/ganti-tutup-radiator.html]
[montir.id/layanan/ganti-baut-drain-radiator.html]
[montir.id/layanan/ganti-radiator-mobil.html]
[montir.id/layanan/ganti-fan-belt-atau-drive-belt.html]
[montir.id/layanan/servis-atau-ganti-dinamo-starter-mobil.html]
[montir.id/layanan/ganti-selang-tabung-reservoir-radiator.html]
[montir.id/layanan/ganti-thermo-switch-fan-radiator.html]
[montir.id/layanan/ganti-thermostat.html]
[montir.id/layanan/ganti-throttle-body.html]
[montir.id/layanan/ganti-cover-timing-belt-atau-cover-timing-chain.html]
[montir.id/layanan/ganti-gasket-cover-valve.html]
[montir.id/layanan/ganti-pulley-water-pump.html]
[montir.id/layanan/ganti-water-pump.html]
[montir.id/layanan/ganti-tabung-air-wiper.html]
[montir.id/layanan/ganti-kabel-gas-mobil.html]
[montir.id/layanan/ganti-alternator-mobil.html]
[montir.id/layanan/ganti-automatic-shutdown-relay.html]
[montir.id/layanan/ganti-cold-start-injector.html]
[montir.id/layanan/ganti-tabung-air-radiator-atau-coolant.html]
[montir.id/layanan/ganti-coolant-temperature-sensor.html]
[montir.id/layanan/ganti-selang-radiator.html]
[montir.id/layanan/ganti-relay-fan-radiator.html]
[montir.id/layanan/ganti-motor-fan-radiator.html]
[montir.id/layanan/ganti-cylinder-head-temperature-sensor.html]
[montir.id/tag/poles-dan-detailing.html]
[montir.id/layanan/poles-mobil-full.html]
[montir.id/layanan/poles-eksterior-mobil.html]
[montir.id/layanan/poles-mobil-interior.html]
[montir.id/layanan/nano-ceramic-coating.html]
[montir.blob.core.windows.net/static/images/7e6d94c5fdf0/kampas-rem-1.jpg]
[montir.id/layanan/ganti-kampas-rem.html]
[montir.id/layanan/ganti-disc-brake-atau-piringan-rem.html]
[montir.id/layanan/ganti-sepatu-rem-atau-brake-shoes.html]
[montir.id/layanan/ganti-tromol-rem.html]
[montir.id/layanan/ganti-silinder-master-rem.html]
[montir.id/layanan/ganti-kaliper-rem.html]
[montir.id/layanan/ganti-abs-speed-sensor.html]
[montir.id/layanan/ganti-selang-rem-atau-pipa-rem.html]
[montir.id/layanan/ganti-silinder-roda-atau-wheel-cylinder.html]
[montir.id/layanan/ganti-kabel-rem-parkir-atau-kabel-rem-tangan.html]
[montir.id/layanan/ganti-drum-rem-tangan-atau-parking-brake-drum.html]
[montir.id/layanan/ganti-proportioning-valve-atau-combination-valve.html]
[montir.id/layanan/ganti-check-valve-booster-rem.html]
[montir.id/layanan/ganti-brake-vacuum-pump.html]
[montir.id/layanan/ganti-filter-bensin-atau-fuel-filter.html]
[montir.id/layanan/ganti-filter-solar.html]
[montir.id/layanan/ganti-selang-bensin-atau-fuel-hose.html]
[montir.id/layanan/ganti-oring-injector.html]
[montir.id/layanan/ganti-injector-mobil.html]
[montir.id/layanan/ganti-fuel-pressure-regulator.html]
[montir.id/tag/sistem-bahan-bakar.html]
[montir.id/layanan/ganti-relay-fuel-pump-atau-relay-pompa-bensin.html]
[montir.id/layanan/ganti-tutup-tangki-bensin.html]
[montir.id/layanan/ganti-sensor-oksigen.html]
[montir.id/tag/sistem-wiper.html]
[montir.id/layanan/ganti-wiper-mobil.html]
[montir.id/layanan/ganti-drive-shaft-atau-axle-shaft.html]
[montir.id/layanan/ganti-seal-drive-shaft.html]
[montir.id/layanan/ganti-boot-cv-joint.html]
[montir.id/layanan/ganti-center-support-bearing.html]
[montir.id/layanan/ganti-kabel-kopling.html]
[montir.id/layanan/ganti-master-kopling-atas.html]
[montir.id/layanan/ganti-master-kopling-bawah.html]
[montir.id/layanan/ganti-switch-kopling.html]
[montir.id/layanan/ganti-gasket-gardan.html]
[montir.id/layanan/ganti-seal-gardan.html]
[montir.id/layanan/ganti-selang-kopling.html]
[montir.id/layanan/ganti-kickdown-cable.html]
[montir.id/layanan/ganti-gear-shift-indicator.html]
[montir.id/layanan/ganti-kabel-shifter.html]
[montir.id/layanan/ganti-solenoid-perpindahan-transmisi.html]
[montir.id/layanan/ganti-speed-sensor.html]
[montir.id/layanan/ganti-speedometer-mobil.html]
[montir.id/layanan/ganti-oli-transfer-case.html]
[montir.id/layanan/ganti-seal-transfer-case.html]
[montir.id/layanan/ganti-transmission-oil-pressure-switch.html]
[montir.id/layanan/ganti-transmission-position-sensor.html]
[montir.id/layanan/ganti-transmission-speed-sensor.html]
[montir.id/layanan/tune-up-standard.html]
[montir.id/tag/tune-up-mobil.html]
[montir.id/layanan/tune-up-complete.html]
[montir.id/akun/lupa.html]
[montir.id/en/book.html]
[montir.id/pesan.html]
[montir.id/index6aad.html]
[montir.id/cara-kerja6aad.html]
[montir.id/layanan6aad.html]
[montir.id/garansi-servis6aad.html]
[montir.id/tentang-kami6aad.html]
[montir.id/lowongan6aad.html]
[montir.id/en/limited-warranty.html]
[montir.id/garansi-terbatas.html]
[montir.id/en/how-it-works/mobil-bermasalah-kami-siap-membantu.html]
[montir.id/en/how-it-works/mekanik-kami-datang-kepada-anda.html]
[montir.id/en/how-it-works/bayar-hanya-setelah-servis-selesai.html]
[montir.id/en/how-it-works/servis-kami-bergaransi.html]
[montir.id/en/tag/layanan.html]
[montir.id/en/services/inspeksi-masalah-ac-mobil.html]
[montir.id/en/tag/ac-mobil.html]
[montir.id/en/services/ganti-kompresor-ac-mobil.html]
[montir.id/en/services/servis-maintenance-ac-mobil.html]
[montir.id/en/services/isi-freon-ac-mobil.html]
[montir.id/en/services/ganti-aki-mobil.html]
[montir.id/en/services/ganti-kabel-ak.html]
[montir.id/en/tag/aki.html]
[montir.id/en/tag/aksesoris.html]
[montir.id/en/services/kaca-film-3m-black-beauty.html]
[montir.id/en/services/kaca-film-3m-crystalline.html]
[montir.id/en/tag/cairan.html]
[montir.id/en/services/ganti-oli-mesin-mobil.html]
[montir.id/en/services/kuras-radiator.html]
[montir.id/en/services/ganti-minyak-kopling.html]
[montir.id/en/services/kuras-minyak-rem.html]
[montir.id/en/tag/rem.html]
[montir.id/en/services/ganti-oli-transmisi.html]
[montir.id/en/services/ganti-oli-gardan-atau-oli-diferensial.html]
[montir.id/en/services/ganti-oli-power-steering.html]
[montir.id/en/tag/darurat.html]
[montir.id/en/services/towing-mobil-derek-mobil.html]
[montir.id/en/services/ganti-ban-serep-mobil.html]
[montir.id/en/services/tambal-ban.html]
[montir.id/en/services/inspeksi-150-poin.html]
[montir.id/en/services/diagnosa-masalah.html]
[montir.id/en/tag/diagnosa.html]
[montir.id/en/tag/filter.html]
[montir.id/en/services/ganti-filter-udara-air-filter.html]
[montir.id/en/services/ganti-filter-kabin-filter-ac.html]
[montir.id/en/tag/mesin.html]
[montir.id/en/services/ganti-busi.html]
[montir.id/en/services/ganti-v-belt-tensioner-atau-fan-belt-tensioner.html]
[montir.id/en/services/ganti-tutup-dan-rotor-distributor.html]
[montir.id/en/services/ganti-relay-ecu.html]
[montir.id/en/services/ganti-egr-cooler.html]
[montir.id/en/services/ganti-engine-mounting.html]
[montir.id/en/services/ganti-katup-egr.html]
[montir.id/en/services/ganti-fan-clutch.html]
[montir.id/en/services/ganti-fuse-atau-sekering.html]
[montir.id/en/services/ganti-saluran-bypass.html]
[montir.id/en/services/ganti-selang-heater.html]
[montir.id/en/tag/pengapian.html]
[montir.id/en/services/ganti-klakson.html]
[montir.id/en/services/ganti-idler-pulley.html]
[montir.id/en/services/ganti-gasket-intake-manifold.html]
[montir.id/en/services/ganti-sensor-map-atau-manifold-pressure-sensor.html]
[montir.id/en/services/ganti-selang-oil-cooler.html]
[montir.id/en/services/ganti-pipa-oil-cooler.html]
[montir.id/en/services/ganti-oil-cooler.html]
[montir.id/en/services/ganti-seal-rumah-filter-oli-atau-seal-housing-filter-oli.html]
[montir.id/en/services/ganti-sensor-oil-pressure.html]
[montir.id/en/services/ganti-selang-pcv-valve.html]
[montir.id/en/services/ganti-pcv-valve-atau-katup-pcv.html]
[montir.id/en/services/ganti-tutup-radiator.html]
[montir.id/en/services/ganti-baut-drain-radiator.html]
[montir.id/en/services/ganti-radiator-mobil.html]
[montir.id/en/services/ganti-fan-belt-atau-drive-belt.html]
[montir.id/en/services/servis-atau-ganti-dinamo-starter-mobil.html]
[montir.id/en/services/ganti-selang-tabung-reservoir-radiator.html]
[montir.id/en/services/ganti-thermo-switch-fan-radiator.html]
[montir.id/en/services/ganti-thermostat.html]
[montir.id/en/services/ganti-throttle-body.html]
[montir.id/en/services/ganti-cover-timing-belt-atau-cover-timing-chain.html]
[montir.id/en/services/ganti-gasket-cover-valve.html]
[montir.id/en/services/ganti-pulley-water-pump.html]
[montir.id/en/services/ganti-water-pump.html]
[montir.id/en/services/ganti-tabung-air-wiper.html]
[montir.id/en/services/ganti-kabel-gas-mobil.html]
[montir.id/en/services/ganti-alternator-mobil.html]
[montir.id/en/services/ganti-automatic-shutdown-relay.html]
[montir.id/en/services/ganti-cold-start-injector.html]
[montir.id/en/services/ganti-tabung-air-radiator-atau-coolant.html]
[montir.id/en/services/ganti-coolant-temperature-sensor.html]
[montir.id/en/services/ganti-selang-radiator.html]
[montir.id/en/services/ganti-relay-fan-radiator.html]
[montir.id/en/services/ganti-motor-fan-radiator.html]
[montir.id/en/services/ganti-cylinder-head-temperature-sensor.html]
[montir.id/en/tag/poles-dan-detailing.html]
[montir.id/en/services/poles-mobil-full.html]
[montir.id/en/services/poles-eksterior-mobil.html]
[montir.id/en/services/poles-mobil-interior.html]
[montir.id/en/services/nano-ceramic-coating.html]
[montir.id/en/services/ganti-kampas-rem.html]
[montir.id/en/services/ganti-disc-brake-atau-piringan-rem.html]
[montir.id/en/services/ganti-sepatu-rem-atau-brake-shoes.html]
[montir.id/en/services/ganti-tromol-rem.html]
[montir.id/en/services/ganti-silinder-master-rem.html]
[montir.id/en/services/ganti-kaliper-rem.html]
[montir.id/en/services/ganti-abs-speed-sensor.html]
[montir.id/en/services/ganti-selang-rem-atau-pipa-rem.html]
[montir.id/en/services/ganti-silinder-roda-atau-wheel-cylinder.html]
[montir.id/en/services/ganti-kabel-rem-parkir-atau-kabel-rem-tangan.html]
[montir.id/en/services/ganti-drum-rem-tangan-atau-parking-brake-drum.html]
[montir.id/en/services/ganti-proportioning-valve-atau-combination-valve.html]
[montir.id/en/services/ganti-check-valve-booster-rem.html]
[montir.id/en/services/ganti-brake-vacuum-pump.html]
[montir.id/en/tag/sistem-bahan-bakar.html]
[montir.id/en/services/ganti-filter-bensin-atau-fuel-filter.html]
[montir.id/en/services/ganti-filter-solar.html]
[montir.id/en/services/ganti-selang-bensin-atau-fuel-hose.html]
[montir.id/en/services/ganti-oring-injector.html]
[montir.id/en/services/ganti-injector-mobil.html]
[montir.id/en/services/ganti-fuel-pressure-regulator.html]
[montir.id/en/services/ganti-relay-fuel-pump-atau-relay-pompa-bensin.html]
[montir.id/en/services/ganti-tutup-tangki-bensin.html]
[montir.id/en/services/ganti-sensor-oksigen.html]
[montir.id/en/tag/sistem-wiper.html]
[montir.id/en/services/ganti-wiper-mobil.html]
[montir.id/en/services/ganti-drive-shaft-atau-axle-shaft.html]
[montir.id/en/services/ganti-seal-drive-shaft.html]
[montir.id/en/services/ganti-boot-cv-joint.html]
[montir.id/en/services/ganti-center-support-bearing.html]
[montir.id/en/services/ganti-kabel-kopling.html]
[montir.id/en/services/ganti-master-kopling-atas.html]
[montir.id/en/services/ganti-master-kopling-bawah.html]
[montir.id/en/services/ganti-switch-kopling.html]
[montir.id/en/services/ganti-gasket-gardan.html]
[montir.id/en/services/ganti-seal-gardan.html]
[montir.id/en/services/ganti-selang-kopling.html]
[montir.id/en/services/ganti-kickdown-cable.html]
[montir.id/en/services/ganti-gear-shift-indicator.html]
[montir.id/en/services/ganti-kabel-shifter.html]
[montir.id/en/services/ganti-solenoid-perpindahan-transmisi.html]
[montir.id/en/services/ganti-speed-sensor.html]
[montir.id/en/services/ganti-speedometer-mobil.html]
[montir.id/en/services/ganti-oli-transfer-case.html]
[montir.id/en/services/ganti-seal-transfer-case.html]
[montir.id/en/services/ganti-transmission-oil-pressure-switch.html]
[montir.id/en/services/ganti-transmission-position-sensor.html]
[montir.id/en/services/ganti-transmission-speed-sensor.html]
[montir.id/en/services/tune-up-standard.html]
[montir.id/en/services/tune-up-complete.html]
[montir.id/en/accounts/forgot.html]
[montir.id/en84ee.html]
[montir.id/en/how-it-works84ee.html]
[montir.id/en/services84ee.html]
[montir.id/en/tag/tune-up-mobil.html]
[montir.id/en/service-warranty84ee.html]
[montir.id/en/about-us84ee.html]
[montir.id/en/careers84ee.html]
[montir.id/tag.html]
[montircdn.azureedge.net/static/images/7e38e5a137f0/cover-service-detail.jpg]
[montir.id/layanan/cuci-mobil-standard.html]
[montir.id/layanan/cuci-mobil-tanpa-air.html]
[montir.id/layanan/pembersihan-jamur-kaca.html]
[montir.id/layanan/pembersihan-ruang-mesin.html]
[montir.id/layanan/paket-cuci-mobil-gold.html]
[montir.id/layanan/paket-cuci-mobil-silver.html]
[montir.id/tag/layanan.html]
[montir.id/tag/layanan4658.html]
[montir.id/tag/ac-mobil.html]
[montircdn.azureedge.net/static/images/96155a35a9f0/ganti-aki-mobil.jpg]
[montircdn.azureedge.net/static/images/94cfb348bcf0/ganti-aki-mobil.jpg]
[montircdn.azureedge.net/static/images/95606fd119f0/ganti-aki-mobil-panggilan.jpg]
[montir.id/tag/aki.html]
[montircdn.azureedge.net/static/images/982c681444f0/montir-5.jpg]
[montir.id/tag/aksesoris.html]
[montircdn.azureedge.net/static/images/982bc8f690f0/5.jpg]
[montir.id/tag/cairan.html]
[montir.id/tag/rem4658.html]
[montir.id/tag/rem.html]
[montircdn.azureedge.net/static/images/96155a2f49f0/home-service-toyota.jpg]
[montircdn.azureedge.net/static/images/9558752e6cf0/servis-panggilan-mobil-toyota.jpg]
[montircdn.azureedge.net/static/images/96155a198af0/home-service-honda.jpg]
[montircdn.azureedge.net/static/images/9558806741f0/servis-mobil-honda.jpg]
[montircdn.azureedge.net/static/images/96155a329af0/home-service-mazda.jpg]
[montircdn.azureedge.net/static/images/95588bbd87f0/servis-mobil-mazda-panggilan.jpg]
[montircdn.azureedge.net/static/images/96155a38c2f0/home-service-nissan.jpg]
[montircdn.azureedge.net/static/images/9576061cadf0/servis-mobil-nissan-panggilan.jpg]
[montir.id/tag/darurat.html]
[montircdn.azureedge.net/static/images/9609d001eaf0/kerusakan-kaki-kaki-mobil.jpg]
[montircdn.azureedge.net/static/images/9609daba5ef0/manfaat-tune-up-mobil.jpg]
[montircdn.azureedge.net/static/images/9615431dc1f0/servis-bengkel-otomall.jpg]
[montircdn.azureedge.net/static/images/9615463576f0/promo-ganti-oli.jpg]
[montircdn.azureedge.net/static/images/961544f2cff0/busi-mobil.jpg]
[montir.id/tag/diagnosa4658.html]
[montir.id/tag/diagnosa.html]
[montir.id/tag/filter.html]
[montir.id/tag/mesin4658.html]
[montir.id/tag/mesin.html]
[montir.id/tag/pengapian.html]
[montir.id/tag/poles-dan-detailing.html]
[montir.id/tag/sistem-bahan-bakar.html]
[montir.id/tag/sistem-wiper.html]
[montircdn.azureedge.net/static/images/96155a2795f0/home-service-montir-panggilan.jpg]
[montircdn.azureedge.net/static/images/961540196cf0/promo-honda.jpg]
[montircdn.azureedge.net/static/images/96153f8f08f0/promo-mazda.jpg]
[montircdn.azureedge.net/static/images/96153e07f8f0/promo-nissan.jpg]
[montircdn.azureedge.net/static/images/96153d92adf0/promo-toyota.jpg]
[montircdn.azureedge.net/static/images/980388c42ef0/9.jpg]
[montir.id/tag/tune-up-mobil4658.html]
[montir.id/tag/tune-up-mobil.html]
[montir.id/en/limited-warranty.html]
[montir.id/en/img/icon-car-hiw.html]
[montir.id/en/img/icon-pricing-hiw.html]
[montir.id/en/services/cuci-mobil-standard.html]
[montir.id/en/services/cuci-mobil-tanpa-air.html]
[montir.id/en/services/pembersihan-jamur-kaca.html]
[montir.id/en/services/pembersihan-ruang-mesin.html]
[montir.id/en/services/paket-cuci-mobil-gold.html]
[montir.id/en/services/paket-cuci-mobil-silver.html]
[montir.id/en/tag/layanan.html]
[montir.id/en/tag/layanan4658.html]
[montir.id/en/tag/ac-mobil.html]
[montir.id/en/tag/aki.html]
[montir.id/en/tag/aksesoris.html]
[montir.id/en/tag/cairan.html]
[montir.id/en/tag/rem4658.html]
[montir.id/en/tag/rem.html]
[montir.id/en/tag/darurat.html]
[montir.id/en/tag/diagnosa.html]
[montir.id/en/tag/diagnosa4658.html]
[montir.id/en/tag/filter.html]
[montir.id/en/tag/mesin.html]
[montir.id/en/tag/pengapian.html]
[montir.id/en/tag/poles-dan-detailing.html]
[montir.id/en/tag/sistem-bahan-bakar.html]
[montir.id/en/tag/sistem-wiper.html]
[montir.id/en/tag/mesin4658.html]
[montir.id/en/tag/tune-up-mobil.html]
[montir.id/en/tag.html]
[montir.id/en/tag/tune-up-mobil4658.html]
[montir.id/tag.html]
[montir.id/layanan/cuci-mobil-standard.html]
[montir.id/layanan/cuci-mobil-tanpa-air.html]
[montir.id/layanan/pembersihan-jamur-kaca.html]
[montir.id/layanan/pembersihan-ruang-mesin.html]
[montir.id/layanan/paket-cuci-mobil-gold.html]
[montir.id/layanan/paket-cuci-mobil-silver.html]
[montir.id/tag/layanan4658.html]
[montir.id/tag/rem4658.html]
[montir.id/tag/diagnosa4658.html]
[montir.id/tag/mesin4658.html]
[montir.id/tag/tune-up-mobil4658.html]
[montir.id/en/services/cuci-mobil-standard.html]
[montir.id/en/services/cuci-mobil-tanpa-air.html]
[montir.id/en/services/pembersihan-jamur-kaca.html]
[montir.id/en/services/pembersihan-ruang-mesin.html]
[montir.id/en/services/paket-cuci-mobil-gold.html]
[montir.id/en/services/paket-cuci-mobil-silver.html]
[montir.id/en/tag/layanan4658.html]
[montir.id/en/tag/rem4658.html]
[montir.id/en/tag/diagnosa4658.html]
[montir.id/en/tag/mesin4658.html]
[montir.id/en/tag/tune-up-mobil4658.html]
[montir.id/tag/transmisi.html]
[montir.id/en/tag/transmisi.html]
